// Jest Snapshot v1, https://goo.gl/fbAQLP

exports[`Index should show login form 1`] = `
<DocumentFragment>
  <div
    class="makeStyles-wrap-32"
  >
    <header
      class="MuiPaper-root MuiAppBar-root MuiAppBar-positionStatic MuiAppBar-colorPrimary makeStyles-root-35 MuiPaper-elevation4"
    >
      <div
        class="MuiToolbar-root MuiToolbar-regular MuiToolbar-gutters"
      >
        <button
          aria-label="menu"
          class="MuiButtonBase-root MuiIconButton-root makeStyles-menuButton-36 MuiIconButton-colorInherit MuiIconButton-edgeStart"
          tabindex="0"
          type="button"
        >
          <span
            class="MuiIconButton-label"
          >
            <svg
              aria-hidden="true"
              class="MuiSvgIcon-root"
              focusable="false"
              viewBox="0 0 24 24"
            >
              <path
                d="M3 18h18v-2H3v2zm0-5h18v-2H3v2zm0-7v2h18V6H3z"
              />
            </svg>
          </span>
          <span
            class="MuiTouchRipple-root"
          />
        </button>
        <h6
          class="MuiTypography-root makeStyles-title-37 MuiTypography-h6"
        >
          予約システム
        </h6>
        <div
          class="makeStyles-grow-38"
        />
        <button
          class="MuiButtonBase-root MuiIconButton-root"
          tabindex="0"
          type="button"
        >
          <span
            class="MuiIconButton-label"
          >
            <svg
              aria-hidden="true"
              class="MuiSvgIcon-root"
              focusable="false"
              viewBox="0 0 24 24"
            >
              <path
                d="M20 8.69V4h-4.69L12 .69 8.69 4H4v4.69L.69 12 4 15.31V20h4.69L12 23.31 15.31 20H20v-4.69L23.31 12 20 8.69zM12 18c-.89 0-1.74-.2-2.5-.55C11.56 16.5 13 14.42 13 12s-1.44-4.5-3.5-5.45C10.26 6.2 11.11 6 12 6c3.31 0 6 2.69 6 6s-2.69 6-6 6z"
              />
            </svg>
          </span>
          <span
            class="MuiTouchRipple-root"
          />
        </button>
      </div>
    </header>
    <main
      class="makeStyles-main-33"
    >
      <div
        class="makeStyles-contents-34"
      >
        <div
          class="makeStyles-wrap-43"
          data-testid="page-dashboard"
        >
          <div
            class="makeStyles-wrap-44"
          >
            <div
              class="MuiPaper-root MuiCard-root MuiPaper-elevation1 MuiPaper-rounded"
            >
              <div
                class="MuiCardContent-root"
              >
                <form
                  action="#"
                >
                  <div
                    class="MuiFormControl-root makeStyles-input-47"
                  >
                    <label
                      class="MuiFormLabel-root Mui-required"
                      for="email"
                    >
                      Email address
                      <span
                        aria-hidden="true"
                        class="MuiFormLabel-asterisk"
                      >
                         *
                      </span>
                    </label>
                    <div
                      class="MuiInputBase-root MuiInput-root MuiInput-underline MuiInputBase-formControl MuiInput-formControl"
                    >
                      <input
                        aria-invalid="false"
                        class="MuiInputBase-input MuiInput-input"
                        id="email"
                        name="email"
                        placeholder="Enter email address"
                        required=""
                        type="email"
                        value=""
                      />
                    </div>
                  </div>
                  <div
                    class="MuiFormControl-root makeStyles-input-47"
                  >
                    <label
                      class="MuiFormLabel-root Mui-required"
                      for="password"
                    >
                      Password
                      <span
                        aria-hidden="true"
                        class="MuiFormLabel-asterisk"
                      >
                         *
                      </span>
                    </label>
                    <div
                      class="makeStyles-wrap-48"
                    >
                      <div
                        class="MuiInputBase-root MuiInput-root MuiInput-underline makeStyles-input-49 MuiInputBase-formControl MuiInput-formControl"
                      >
                        <input
                          aria-invalid="false"
                          class="MuiInputBase-input MuiInput-input"
                          id="password"
                          name="password"
                          placeholder="Enter password"
                          required=""
                          type="password"
                          value=""
                        />
                      </div>
                      <div
                        class="makeStyles-toggle-50"
                      >
                        <button
                          class="MuiButtonBase-root MuiButton-root MuiButton-contained MuiButton-containedPrimary MuiButton-containedSizeSmall MuiButton-sizeSmall"
                          data-testid="password-switch"
                          tabindex="0"
                          type="button"
                        >
                          <span
                            class="MuiButton-label"
                          >
                            Show
                          </span>
                          <span
                            class="MuiTouchRipple-root"
                          />
                        </button>
                      </div>
                    </div>
                  </div>
                  <div
                    class="makeStyles-login-45"
                  >
                    <button
                      class="MuiButtonBase-root MuiButton-root MuiButton-contained MuiButton-containedPrimary"
                      tabindex="0"
                      type="submit"
                    >
                      <span
                        class="MuiButton-label"
                      >
                        Login
                      </span>
                      <span
                        class="MuiTouchRipple-root"
                      />
                    </button>
                  </div>
                </form>
              </div>
            </div>
          </div>
        </div>
      </div>
    </main>
    <footer
      class="makeStyles-footer-51"
    >
      <div
        class="makeStyles-wrap-52"
      >
        2021 — 
        <strong>
          予約システム
        </strong>
      </div>
    </footer>
  </div>
</DocumentFragment>
`;
