// Jest Snapshot v1, https://goo.gl/fbAQLP

exports[`Index page matches snapshot 1`] = `
<DocumentFragment>
  <div
    class="makeStyles-wrap-6"
  >
    <header
      class="MuiPaper-root MuiAppBar-root MuiAppBar-positionStatic MuiAppBar-colorPrimary makeStyles-root-9 MuiPaper-elevation4"
    >
      <div
        class="MuiToolbar-root MuiToolbar-regular MuiToolbar-gutters"
      >
        <h6
          class="MuiTypography-root makeStyles-title-11 MuiTypography-h6"
        >
          予約システム
        </h6>
      </div>
    </header>
    <main
      class="makeStyles-main-7"
    >
      <div
        class="makeStyles-contents-8"
      >
        <div
          class="makeStyles-wrap-18"
        >
          <div
            class="makeStyles-wrap-19"
          >
            <div
              class="MuiPaper-root MuiCard-root MuiPaper-elevation1 MuiPaper-rounded"
            >
              <div
                class="MuiCardContent-root"
              >
                <form
                  action="#"
                >
                  <div
                    class="MuiFormControl-root makeStyles-input-22"
                  >
                    <label
                      class="MuiFormLabel-root Mui-required"
                      for="email"
                    >
                      Email address
                      <span
                        aria-hidden="true"
                        class="MuiFormLabel-asterisk"
                      >
                         *
                      </span>
                    </label>
                    <div
                      class="MuiInputBase-root MuiInput-root MuiInput-underline MuiInputBase-formControl MuiInput-formControl"
                    >
                      <input
                        aria-invalid="false"
                        class="MuiInputBase-input MuiInput-input"
                        id="email"
                        name="email"
                        placeholder="Enter email address"
                        required=""
                        type="email"
                        value=""
                      />
                    </div>
                    <div
                      class="makeStyles-error-21"
                    />
                  </div>
                  <div
                    class="MuiFormControl-root makeStyles-input-22"
                  >
                    <label
                      class="MuiFormLabel-root Mui-required"
                      for="password"
                    >
                      Password
                      <span
                        aria-hidden="true"
                        class="MuiFormLabel-asterisk"
                      >
                         *
                      </span>
                    </label>
                    <div
                      class="makeStyles-wrap-23"
                    >
                      <div
                        class="MuiInputBase-root MuiInput-root MuiInput-underline makeStyles-input-24 MuiInputBase-formControl MuiInput-formControl"
                      >
                        <input
                          aria-invalid="false"
                          class="MuiInputBase-input MuiInput-input"
                          id="password"
                          name="password"
                          placeholder="Enter password"
                          required=""
                          type="password"
                          value=""
                        />
                      </div>
                      <div
                        class="makeStyles-toggle-25"
                      >
                        <button
                          class="MuiButtonBase-root MuiButton-root MuiButton-contained MuiButton-containedPrimary MuiButton-containedSizeSmall MuiButton-sizeSmall"
                          tabindex="0"
                          type="button"
                        >
                          <span
                            class="MuiButton-label"
                          >
                            Show
                          </span>
                          <span
                            class="MuiTouchRipple-root"
                          />
                        </button>
                      </div>
                    </div>
                    <div
                      class="makeStyles-error-21"
                    />
                  </div>
                  <div
                    class="makeStyles-login-20"
                  >
                    <button
                      class="MuiButtonBase-root MuiButton-root MuiButton-contained MuiButton-containedPrimary"
                      tabindex="0"
                      type="submit"
                    >
                      <span
                        class="MuiButton-label"
                      >
                        Login
                      </span>
                      <span
                        class="MuiTouchRipple-root"
                      />
                    </button>
                  </div>
                </form>
              </div>
            </div>
          </div>
        </div>
      </div>
    </main>
    <footer
      class="makeStyles-footer-16"
    >
      <div
        class="makeStyles-wrap-17"
      >
        2021 — 
        <strong>
          予約システム
        </strong>
      </div>
    </footer>
  </div>
</DocumentFragment>
`;
