// Jest Snapshot v1, https://goo.gl/fbAQLP

exports[`Index page matches snapshot 1`] = `
<DocumentFragment>
  <div
    class="wrap"
  >
    <div
      class="wrap"
    />
    <div
      class="wrap"
    >
      Sidebar
    </div>
    <main
      class="main"
    />
    <div
      class="wrap"
    >
      <a
        href="https://vercel.com?utm_source=create-next-app&utm_medium=default-template&utm_campaign=create-next-app"
        rel="noopener noreferrer"
        target="_blank"
      >
        Powered by 
        <img
          alt="Vercel Logo"
          class="logo"
          src="/vercel.svg"
        />
      </a>
    </div>
  </div>
</DocumentFragment>
`;
